


materialPath: D:\Juegos\Steam\steamapps\common\GarrysMod\garrysmod\materials
Loading d:\juegos\steam\steamapps\common\garrysmod\garrysmod\custom\map\maps\adfa.vmf
fixing up env_cubemap materials on brush sides...
ProcessBlock_Thread: 0...1...2...3...4...5...6...7...8...9...10 (0)
**** leaked ****
Processing areas...done (0)
Building Faces...done (0)
FixTjuncs...
PruneNodes...
WriteBSP...
done (0)
Creating default LDR cubemaps for env_cubemap using skybox materials:
   skybox/sky_day01_01*.vmt
 ! Run buildcubemaps in the engine to get the correct cube maps.
*** Error: Skybox vtf files for skybox/sky_day01_01 weren't compiled with the same size texture and/or same flags!
Can't load skybox file skybox/sky_day01_01 to build the default cubemap!
Finding displacement neighbors...
Finding lightmap sample positions...
Displacement Alpha : 0...1...2...3...4...5...6...7...8...9...10
Can't find surfaceprop antlion_eggshell for material nature/rockwall_antlion03a, using default
Building Physics collision data...
done (0) (574 bytes)
Placing detail props : 0...1...2...3...4...5...6...7...8...9...10
Compacting texture/material tables...
Reduced 7 texinfos to 7
Reduced 2 texdatas to 2 (47 bytes to 47)
Writing d:\juegos\steam\steamapps\common\garrysmod\garrysmod\custom\map\maps\adfa.bsp
0 seconds elapsed



16 threads
reading d:\juegos\steam\steamapps\common\garrysmod\garrysmod\custom\map\maps\adfa.bsp
reading d:\juegos\steam\steamapps\common\garrysmod\garrysmod\custom\map\maps\adfa.prt
LoadPortals: couldn't read d:\juegos\steam\steamapps\common\garrysmod\garrysmod\custom\map\maps\adfa.prt



materialPath: D:\Juegos\Steam\steamapps\common\GarrysMod\garrysmod\materials
Loading d:\juegos\steam\steamapps\common\garrysmod\garrysmod\custom\map\maps\adfa.vmf
fixing up env_cubemap materials on brush sides...
ProcessBlock_Thread: 0...1...2...3...4...5...6...7...8...9...10 (0)
**** leaked ****
Processing areas...done (0)
Building Faces...done (0)
FixTjuncs...
PruneNodes...
WriteBSP...
done (0)
Creating default LDR cubemaps for env_cubemap using skybox materials:
   skybox/sky_day01_01*.vmt
 ! Run buildcubemaps in the engine to get the correct cube maps.
*** Error: Skybox vtf files for skybox/sky_day01_01 weren't compiled with the same size texture and/or same flags!
Can't load skybox file skybox/sky_day01_01 to build the default cubemap!
Finding displacement neighbors...
Finding lightmap sample positions...
Displacement Alpha : 0...1...2...3...4...5...6...7...8...9...10
Building Physics collision data...
done (0) (574 bytes)
Placing detail props : 0...1...2...3...4...5...6...7...8...9...10
Compacting texture/material tables...
Reduced 6 texinfos to 6
Reduced 1 texdatas to 1 (20 bytes to 20)
Writing d:\juegos\steam\steamapps\common\garrysmod\garrysmod\custom\map\maps\adfa.bsp
0 seconds elapsed



16 threads
reading d:\juegos\steam\steamapps\common\garrysmod\garrysmod\custom\map\maps\adfa.bsp
reading d:\juegos\steam\steamapps\common\garrysmod\garrysmod\custom\map\maps\adfa.prt
LoadPortals: couldn't read d:\juegos\steam\steamapps\common\garrysmod\garrysmod\custom\map\maps\adfa.prt
