PRT1
100
180
4 0 5 (5053.780273 4096 64 ) (5053.780273 4096 1998.790039 ) (4096 4096 1998.790039 ) (4096 4096 64 ) 
4 0 1 (4096 4096 64 ) (4096 4096 1998.790039 ) (4096 5053.360352 1998.790039 ) (4096 5053.360352 64 ) 
4 1 9 (4096 4096 64 ) (4096 4096 1998.790039 ) (3072 4096 1998.790039 ) (3072 4096 64 ) 
4 1 2 (3072 4096 64 ) (3072 4096 1998.790039 ) (3072 5053.360352 1998.790039 ) (3072 5053.360352 64 ) 
4 2 10 (3072 4096 64 ) (3072 4096 1998.790039 ) (2048 4096 1998.790039 ) (2048 4096 64 ) 
4 2 3 (2048 4096 64 ) (2048 4096 1998.790039 ) (2048 5053.360352 1998.790039 ) (2048 5053.360352 64 ) 
4 3 13 (2048 4096 64 ) (2048 4096 1998.790039 ) (1024 4096 1998.790039 ) (1024 4096 64 ) 
4 3 4 (1024 4096 64 ) (1024 4096 1998.790039 ) (1024 5053.360352 1998.790039 ) (1024 5053.360352 64 ) 
4 4 25 (0 4096 64 ) (0 4096 1998.790039 ) (0 5053.360352 1998.790039 ) (0 5053.360352 64 ) 
4 4 14 (1024 4096 64 ) (1024 4096 1998.790039 ) (0 4096 1998.790039 ) (0 4096 64 ) 
4 5 9 (4096 4096 1998.790039 ) (4096 4096 64 ) (4096 3072 64 ) (4096 3072 1998.790039 ) 
4 5 6 (5053.780273 3072 64 ) (5053.780273 3072 1998.790039 ) (4096 3072 1998.790039 ) (4096 3072 64 ) 
4 6 11 (4096 2048 64 ) (4096 2048 1998.790039 ) (4096 3072 1998.790039 ) (4096 3072 64 ) 
4 6 7 (5053.780273 2048 64 ) (5053.780273 2048 1998.790039 ) (4096 2048 1998.790039 ) (4096 2048 64 ) 
4 7 17 (4096 1024 64 ) (4096 1024 1998.790039 ) (4096 2048 1998.790039 ) (4096 2048 64 ) 
4 7 8 (5053.780273 1024 64 ) (5053.780273 1024 1998.790039 ) (4096 1024 1998.790039 ) (4096 1024 64 ) 
4 8 50 (5053.780273 0 64 ) (5053.780273 0 1998.790039 ) (4096 0 1998.790039 ) (4096 0 64 ) 
4 8 19 (4096 0 64 ) (4096 0 1998.790039 ) (4096 1024 1998.790039 ) (4096 1024 64 ) 
4 9 11 (4096 3072 64 ) (4096 3072 1998.790039 ) (3072 3072 1998.790039 ) (3072 3072 64 ) 
4 9 10 (3072 4096 1998.790039 ) (3072 4096 64 ) (3072 3072 64 ) (3072 3072 1998.790039 ) 
4 10 13 (2048 4096 1998.790039 ) (2048 4096 64 ) (2048 3072 64 ) (2048 3072 1998.790039 ) 
4 10 12 (3072 3072 64 ) (3072 3072 1998.790039 ) (2048 3072 1998.790039 ) (2048 3072 64 ) 
4 11 17 (4096 2048 64 ) (4096 2048 1998.790039 ) (3072 2048 1998.790039 ) (3072 2048 64 ) 
4 11 12 (3072 3072 1998.790039 ) (3072 3072 64 ) (3072 2048 64 ) (3072 2048 1998.790039 ) 
4 12 18 (3072 2048 64 ) (3072 2048 1998.790039 ) (2048 2048 1998.790039 ) (2048 2048 64 ) 
4 12 15 (2048 2048 64 ) (2048 2048 1998.790039 ) (2048 3072 1998.790039 ) (2048 3072 64 ) 
4 13 15 (2048 3072 64 ) (2048 3072 1998.790039 ) (1024 3072 1998.790039 ) (1024 3072 64 ) 
4 13 14 (1024 4096 1998.790039 ) (1024 4096 64 ) (1024 3072 64 ) (1024 3072 1998.790039 ) 
4 14 30 (0 3072 64 ) (0 3072 1998.790039 ) (0 4096 1998.790039 ) (0 4096 64 ) 
4 14 16 (1024 3072 64 ) (1024 3072 1998.790039 ) (0 3072 1998.790039 ) (0 3072 64 ) 
4 15 21 (2048 2048 64 ) (2048 2048 1998.790039 ) (1024 2048 1998.790039 ) (1024 2048 64 ) 
4 15 16 (1024 3072 1998.790039 ) (1024 3072 64 ) (1024 2048 64 ) (1024 2048 1998.790039 ) 
4 16 31 (0 2048 64 ) (0 2048 1998.790039 ) (0 3072 1998.790039 ) (0 3072 64 ) 
4 16 22 (1024 2048 64 ) (1024 2048 1998.790039 ) (0 2048 1998.790039 ) (0 2048 64 ) 
4 17 19 (4096 1024 64 ) (4096 1024 1998.790039 ) (3072 1024 1998.790039 ) (3072 1024 64 ) 
4 17 18 (3072 2048 1998.790039 ) (3072 2048 64 ) (3072 1024 64 ) (3072 1024 1998.790039 ) 
4 18 21 (2048 2048 1998.790039 ) (2048 2048 64 ) (2048 1024 64 ) (2048 1024 1998.790039 ) 
4 18 20 (3072 1024 64 ) (3072 1024 1998.790039 ) (2048 1024 1998.790039 ) (2048 1024 64 ) 
4 19 53 (4096 0 64 ) (4096 0 1998.790039 ) (3072 0 1998.790039 ) (3072 0 64 ) 
4 19 20 (3072 1024 1998.790039 ) (3072 1024 64 ) (3072 0 64 ) (3072 0 1998.790039 ) 
4 20 54 (3072 0 64 ) (3072 0 1998.790039 ) (2048 0 1998.790039 ) (2048 0 64 ) 
4 20 23 (2048 0 64 ) (2048 0 1998.790039 ) (2048 1024 1998.790039 ) (2048 1024 64 ) 
4 21 23 (2048 1024 64 ) (2048 1024 1998.790039 ) (1024 1024 1998.790039 ) (1024 1024 64 ) 
4 21 22 (1024 2048 1998.790039 ) (1024 2048 64 ) (1024 1024 64 ) (1024 1024 1998.790039 ) 
4 22 36 (0 1024 64 ) (0 1024 1998.790039 ) (0 2048 1998.790039 ) (0 2048 64 ) 
4 22 24 (1024 1024 64 ) (1024 1024 1998.790039 ) (0 1024 1998.790039 ) (0 1024 64 ) 
4 23 59 (2048 0 64 ) (2048 0 1998.790039 ) (1024 0 1998.790039 ) (1024 0 64 ) 
4 23 24 (1024 1024 1998.790039 ) (1024 1024 64 ) (1024 0 64 ) (1024 0 1998.790039 ) 
4 24 60 (1024 0 64 ) (1024 0 1998.790039 ) (0 0 1998.790039 ) (0 0 64 ) 
4 24 37 (0 0 64 ) (0 0 1998.790039 ) (0 1024 1998.790039 ) (0 1024 64 ) 
4 25 30 (0 4096 64 ) (0 4096 1998.790039 ) (-1024 4096 1998.790039 ) (-1024 4096 64 ) 
4 25 26 (-1024 4096 64 ) (-1024 4096 1998.790039 ) (-1024 5053.360352 1998.790039 ) (-1024 5053.360352 64 ) 
4 26 32 (-1024 4096 64 ) (-1024 4096 1998.790039 ) (-2048 4096 1998.790039 ) (-2048 4096 64 ) 
4 26 27 (-2048 4096 64 ) (-2048 4096 1998.790039 ) (-2048 5053.360352 1998.790039 ) (-2048 5053.360352 64 ) 
4 27 33 (-2048 4096 64 ) (-2048 4096 1998.790039 ) (-3072 4096 1998.790039 ) (-3072 4096 64 ) 
4 27 28 (-3072 4096 64 ) (-3072 4096 1998.790039 ) (-3072 5053.360352 1998.790039 ) (-3072 5053.360352 64 ) 
4 28 42 (-3072 4096 64 ) (-3072 4096 1998.790039 ) (-4096 4096 1998.790039 ) (-4096 4096 64 ) 
4 28 29 (-4096 4096 64 ) (-4096 4096 1998.790039 ) (-4096 5053.360352 1998.790039 ) (-4096 5053.360352 64 ) 
4 29 43 (-4096 4096 64 ) (-4096 4096 1998.790039 ) (-5053.780273 4096 1998.790039 ) (-5053.780273 4096 64 ) 
4 30 32 (-1024 4096 1998.790039 ) (-1024 4096 64 ) (-1024 3072 64 ) (-1024 3072 1998.790039 ) 
4 30 31 (0 3072 64 ) (0 3072 1998.790039 ) (-1024 3072 1998.790039 ) (-1024 3072 64 ) 
4 31 36 (0 2048 64 ) (0 2048 1998.790039 ) (-1024 2048 1998.790039 ) (-1024 2048 64 ) 
4 31 34 (-1024 2048 64 ) (-1024 2048 1998.790039 ) (-1024 3072 1998.790039 ) (-1024 3072 64 ) 
4 32 34 (-1024 3072 64 ) (-1024 3072 1998.790039 ) (-2048 3072 1998.790039 ) (-2048 3072 64 ) 
4 32 33 (-2048 4096 1998.790039 ) (-2048 4096 64 ) (-2048 3072 64 ) (-2048 3072 1998.790039 ) 
4 33 42 (-3072 4096 1998.790039 ) (-3072 4096 64 ) (-3072 3072 64 ) (-3072 3072 1998.790039 ) 
4 33 35 (-2048 3072 64 ) (-2048 3072 1998.790039 ) (-3072 3072 1998.790039 ) (-3072 3072 64 ) 
4 34 38 (-1024 2048 64 ) (-1024 2048 1998.790039 ) (-2048 2048 1998.790039 ) (-2048 2048 64 ) 
4 34 35 (-2048 3072 1998.790039 ) (-2048 3072 64 ) (-2048 2048 64 ) (-2048 2048 1998.790039 ) 
4 35 44 (-3072 2048 64 ) (-3072 2048 1998.790039 ) (-3072 3072 1998.790039 ) (-3072 3072 64 ) 
4 35 39 (-2048 2048 64 ) (-2048 2048 1998.790039 ) (-3072 2048 1998.790039 ) (-3072 2048 64 ) 
4 36 38 (-1024 2048 1998.790039 ) (-1024 2048 64 ) (-1024 1024 64 ) (-1024 1024 1998.790039 ) 
4 36 37 (0 1024 64 ) (0 1024 1998.790039 ) (-1024 1024 1998.790039 ) (-1024 1024 64 ) 
4 37 75 (0 0 64 ) (0 0 1998.790039 ) (-1024 0 1998.790039 ) (-1024 0 64 ) 
4 37 40 (-1024 0 64 ) (-1024 0 1998.790039 ) (-1024 1024 1998.790039 ) (-1024 1024 64 ) 
4 38 40 (-1024 1024 64 ) (-1024 1024 1998.790039 ) (-2048 1024 1998.790039 ) (-2048 1024 64 ) 
4 38 39 (-2048 2048 1998.790039 ) (-2048 2048 64 ) (-2048 1024 64 ) (-2048 1024 1998.790039 ) 
4 39 46 (-3072 1024 64 ) (-3072 1024 1998.790039 ) (-3072 2048 1998.790039 ) (-3072 2048 64 ) 
4 39 41 (-2048 1024 64 ) (-2048 1024 1998.790039 ) (-3072 1024 1998.790039 ) (-3072 1024 64 ) 
4 40 76 (-1024 0 64 ) (-1024 0 1998.790039 ) (-2048 0 1998.790039 ) (-2048 0 64 ) 
4 40 41 (-2048 1024 1998.790039 ) (-2048 1024 64 ) (-2048 0 64 ) (-2048 0 1998.790039 ) 
4 41 77 (-2048 0 64 ) (-2048 0 1998.790039 ) (-3072 0 1998.790039 ) (-3072 0 64 ) 
4 41 48 (-3072 0 64 ) (-3072 0 1998.790039 ) (-3072 1024 1998.790039 ) (-3072 1024 64 ) 
4 42 44 (-3072 3072 64 ) (-3072 3072 1998.790039 ) (-4096 3072 1998.790039 ) (-4096 3072 64 ) 
4 42 43 (-4096 4096 1998.790039 ) (-4096 4096 64 ) (-4096 3072 64 ) (-4096 3072 1998.790039 ) 
4 43 45 (-4096 3072 64 ) (-4096 3072 1998.790039 ) (-5053.780273 3072 1998.790039 ) (-5053.780273 3072 64 ) 
4 44 46 (-3072 2048 64 ) (-3072 2048 1998.790039 ) (-4096 2048 1998.790039 ) (-4096 2048 64 ) 
4 44 45 (-4096 3072 1998.790039 ) (-4096 3072 64 ) (-4096 2048 64 ) (-4096 2048 1998.790039 ) 
4 45 47 (-4096 2048 64 ) (-4096 2048 1998.790039 ) (-5053.780273 2048 1998.790039 ) (-5053.780273 2048 64 ) 
4 46 48 (-3072 1024 64 ) (-3072 1024 1998.790039 ) (-4096 1024 1998.790039 ) (-4096 1024 64 ) 
4 46 47 (-4096 2048 1998.790039 ) (-4096 2048 64 ) (-4096 1024 64 ) (-4096 1024 1998.790039 ) 
4 47 49 (-4096 1024 64 ) (-4096 1024 1998.790039 ) (-5053.780273 1024 1998.790039 ) (-5053.780273 1024 64 ) 
4 48 84 (-3072 0 64 ) (-3072 0 1998.790039 ) (-4096 0 1998.790039 ) (-4096 0 64 ) 
4 48 49 (-4096 1024 1998.790039 ) (-4096 1024 64 ) (-4096 0 64 ) (-4096 0 1998.790039 ) 
4 49 85 (-4096 0 64 ) (-4096 0 1998.790039 ) (-5053.780273 0 1998.790039 ) (-5053.780273 0 64 ) 
4 50 53 (4096 0 1998.790039 ) (4096 0 64 ) (4096 -1024 64 ) (4096 -1024 1998.790039 ) 
4 50 51 (5053.780273 -1024 64 ) (5053.780273 -1024 1998.790039 ) (4096 -1024 1998.790039 ) (4096 -1024 64 ) 
4 51 55 (4096 -2048 64 ) (4096 -2048 1998.790039 ) (4096 -1024 1998.790039 ) (4096 -1024 64 ) 
4 51 52 (5053.780273 -2048 64 ) (5053.780273 -2048 1998.790039 ) (4096 -2048 1998.790039 ) (4096 -2048 64 ) 
4 52 65 (5053.780273 -3072 64 ) (5053.780273 -3072 1998.790039 ) (4096 -3072 1998.790039 ) (4096 -3072 64 ) 
4 52 57 (4096 -3072 64 ) (4096 -3072 1998.790039 ) (4096 -2048 1998.790039 ) (4096 -2048 64 ) 
4 53 55 (4096 -1024 64 ) (4096 -1024 1998.790039 ) (3072 -1024 1998.790039 ) (3072 -1024 64 ) 
4 53 54 (3072 -1024 64 ) (3072 -1024 1998.790039 ) (3072 0 1998.790039 ) (3072 0 64 ) 
4 54 59 (2048 -1024 64 ) (2048 -1024 1998.790039 ) (2048 0 1998.790039 ) (2048 0 64 ) 
4 54 56 (3072 -1024 64 ) (3072 -1024 1998.790039 ) (2048 -1024 1998.790039 ) (2048 -1024 64 ) 
4 55 57 (4096 -2048 64 ) (4096 -2048 1998.790039 ) (3072 -2048 1998.790039 ) (3072 -2048 64 ) 
4 55 56 (3072 -2048 64 ) (3072 -2048 1998.790039 ) (3072 -1024 1998.790039 ) (3072 -1024 64 ) 
4 56 61 (2048 -2048 64 ) (2048 -2048 1998.790039 ) (2048 -1024 1998.790039 ) (2048 -1024 64 ) 
4 56 58 (2048 -2048 1998.790039 ) (2048 -2048 64 ) (3072 -2048 64 ) (3072 -2048 1998.790039 ) 
4 57 67 (4096 -3072 64 ) (4096 -3072 1998.790039 ) (3072 -3072 1998.790039 ) (3072 -3072 64 ) 
4 57 58 (3072 -2048 1998.790039 ) (3072 -2048 64 ) (3072 -3072 64 ) (3072 -3072 1998.790039 ) 
4 58 68 (3072 -3072 64 ) (3072 -3072 1998.790039 ) (2048 -3072 1998.790039 ) (2048 -3072 64 ) 
4 58 63 (2048 -3072 64 ) (2048 -3072 1998.790039 ) (2048 -2048 1998.790039 ) (2048 -2048 64 ) 
4 59 61 (2048 -1024 64 ) (2048 -1024 1998.790039 ) (1024 -1024 1998.790039 ) (1024 -1024 64 ) 
4 59 60 (1024 -1024 64 ) (1024 -1024 1998.790039 ) (1024 0 1998.790039 ) (1024 0 64 ) 
4 60 75 (0 0 1998.790039 ) (0 0 64 ) (0 -1024 64 ) (0 -1024 1998.790039 ) 
4 60 62 (0 -1024 1998.790039 ) (0 -1024 64 ) (1024 -1024 64 ) (1024 -1024 1998.790039 ) 
4 61 63 (2048 -2048 64 ) (2048 -2048 1998.790039 ) (1024 -2048 1998.790039 ) (1024 -2048 64 ) 
4 61 62 (1024 -2048 64 ) (1024 -2048 1998.790039 ) (1024 -1024 1998.790039 ) (1024 -1024 64 ) 
4 62 78 (0 -2048 64 ) (0 -2048 1998.790039 ) (0 -1024 1998.790039 ) (0 -1024 64 ) 
4 62 64 (1024 -2048 64 ) (1024 -2048 1998.790039 ) (0 -2048 1998.790039 ) (0 -2048 64 ) 
4 63 71 (2048 -3072 64 ) (2048 -3072 1998.790039 ) (1024 -3072 1998.790039 ) (1024 -3072 64 ) 
4 63 64 (1024 -2048 1998.790039 ) (1024 -2048 64 ) (1024 -3072 64 ) (1024 -3072 1998.790039 ) 
4 64 79 (0 -3072 64 ) (0 -3072 1998.790039 ) (0 -2048 1998.790039 ) (0 -2048 64 ) 
4 64 72 (1024 -3072 64 ) (1024 -3072 1998.790039 ) (0 -3072 1998.790039 ) (0 -3072 64 ) 
4 65 67 (4096 -3072 1998.790039 ) (4096 -3072 64 ) (4096 -4096 64 ) (4096 -4096 1998.790039 ) 
4 65 66 (5053.780273 -4096 64 ) (5053.780273 -4096 1998.790039 ) (4096 -4096 1998.790039 ) (4096 -4096 64 ) 
4 66 69 (4096 -5053.629883 64 ) (4096 -5053.629883 1998.790039 ) (4096 -4096 1998.790039 ) (4096 -4096 64 ) 
4 67 69 (4096 -4096 64 ) (4096 -4096 1998.790039 ) (3072 -4096 1998.790039 ) (3072 -4096 64 ) 
4 67 68 (3072 -3072 1998.790039 ) (3072 -3072 64 ) (3072 -4096 64 ) (3072 -4096 1998.790039 ) 
4 68 71 (2048 -3072 1998.790039 ) (2048 -3072 64 ) (2048 -4096 64 ) (2048 -4096 1998.790039 ) 
4 68 70 (3072 -4096 64 ) (3072 -4096 1998.790039 ) (2048 -4096 1998.790039 ) (2048 -4096 64 ) 
4 69 70 (3072 -4096 1998.790039 ) (3072 -4096 64 ) (3072 -5053.629883 64 ) (3072 -5053.629883 1998.790039 ) 
4 70 73 (2048 -5053.629883 64 ) (2048 -5053.629883 1998.790039 ) (2048 -4096 1998.790039 ) (2048 -4096 64 ) 
4 71 73 (2048 -4096 64 ) (2048 -4096 1998.790039 ) (1024 -4096 1998.790039 ) (1024 -4096 64 ) 
4 71 72 (1024 -3072 1998.790039 ) (1024 -3072 64 ) (1024 -4096 64 ) (1024 -4096 1998.790039 ) 
4 72 90 (0 -4096 64 ) (0 -4096 1998.790039 ) (0 -3072 1998.790039 ) (0 -3072 64 ) 
4 72 74 (1024 -4096 64 ) (1024 -4096 1998.790039 ) (0 -4096 1998.790039 ) (0 -4096 64 ) 
4 73 74 (1024 -4096 1998.790039 ) (1024 -4096 64 ) (1024 -5053.629883 64 ) (1024 -5053.629883 1998.790039 ) 
4 74 91 (0 -5053.629883 64 ) (0 -5053.629883 1998.790039 ) (0 -4096 1998.790039 ) (0 -4096 64 ) 
4 75 78 (0 -1024 64 ) (0 -1024 1998.790039 ) (-1024 -1024 1998.790039 ) (-1024 -1024 64 ) 
4 75 76 (-1024 0 1998.790039 ) (-1024 0 64 ) (-1024 -1024 64 ) (-1024 -1024 1998.790039 ) 
4 76 80 (-1024 -1024 64 ) (-1024 -1024 1998.790039 ) (-2048 -1024 1998.790039 ) (-2048 -1024 64 ) 
4 76 77 (-2048 -1024 64 ) (-2048 -1024 1998.790039 ) (-2048 0 1998.790039 ) (-2048 0 64 ) 
4 77 84 (-3072 0 1998.790039 ) (-3072 0 64 ) (-3072 -1024 64 ) (-3072 -1024 1998.790039 ) 
4 77 81 (-2048 -1024 64 ) (-2048 -1024 1998.790039 ) (-3072 -1024 1998.790039 ) (-3072 -1024 64 ) 
4 78 80 (-1024 -1024 1998.790039 ) (-1024 -1024 64 ) (-1024 -2048 64 ) (-1024 -2048 1998.790039 ) 
4 78 79 (0 -2048 64 ) (0 -2048 1998.790039 ) (-1024 -2048 1998.790039 ) (-1024 -2048 64 ) 
4 79 90 (0 -3072 64 ) (0 -3072 1998.790039 ) (-1024 -3072 1998.790039 ) (-1024 -3072 64 ) 
4 79 82 (-1024 -3072 64 ) (-1024 -3072 1998.790039 ) (-1024 -2048 1998.790039 ) (-1024 -2048 64 ) 
4 80 82 (-1024 -2048 64 ) (-1024 -2048 1998.790039 ) (-2048 -2048 1998.790039 ) (-2048 -2048 64 ) 
4 80 81 (-2048 -1024 1998.790039 ) (-2048 -1024 64 ) (-2048 -2048 64 ) (-2048 -2048 1998.790039 ) 
4 81 86 (-3072 -2048 64 ) (-3072 -2048 1998.790039 ) (-3072 -1024 1998.790039 ) (-3072 -1024 64 ) 
4 81 83 (-2048 -2048 64 ) (-2048 -2048 1998.790039 ) (-3072 -2048 1998.790039 ) (-3072 -2048 64 ) 
4 82 92 (-1024 -3072 64 ) (-1024 -3072 1998.790039 ) (-2048 -3072 1998.790039 ) (-2048 -3072 64 ) 
4 82 83 (-2048 -2048 1998.790039 ) (-2048 -2048 64 ) (-2048 -3072 64 ) (-2048 -3072 1998.790039 ) 
4 83 93 (-2048 -3072 64 ) (-2048 -3072 1998.790039 ) (-3072 -3072 1998.790039 ) (-3072 -3072 64 ) 
4 83 88 (-3072 -3072 64 ) (-3072 -3072 1998.790039 ) (-3072 -2048 1998.790039 ) (-3072 -2048 64 ) 
4 84 86 (-3072 -1024 64 ) (-3072 -1024 1998.790039 ) (-4096 -1024 1998.790039 ) (-4096 -1024 64 ) 
4 84 85 (-4096 -1024 64 ) (-4096 -1024 1998.790039 ) (-4096 0 1998.790039 ) (-4096 0 64 ) 
4 85 87 (-4096 -1024 64 ) (-4096 -1024 1998.790039 ) (-5053.780273 -1024 1998.790039 ) (-5053.780273 -1024 64 ) 
4 86 88 (-3072 -2048 64 ) (-3072 -2048 1998.790039 ) (-4096 -2048 1998.790039 ) (-4096 -2048 64 ) 
4 86 87 (-4096 -2048 64 ) (-4096 -2048 1998.790039 ) (-4096 -1024 1998.790039 ) (-4096 -1024 64 ) 
4 87 89 (-4096 -2048 64 ) (-4096 -2048 1998.790039 ) (-5053.780273 -2048 1998.790039 ) (-5053.780273 -2048 64 ) 
4 88 96 (-3072 -3072 64 ) (-3072 -3072 1998.790039 ) (-4096 -3072 1998.790039 ) (-4096 -3072 64 ) 
4 88 89 (-4096 -2048 1998.790039 ) (-4096 -2048 64 ) (-4096 -3072 64 ) (-4096 -3072 1998.790039 ) 
4 89 97 (-4096 -3072 64 ) (-4096 -3072 1998.790039 ) (-5053.780273 -3072 1998.790039 ) (-5053.780273 -3072 64 ) 
4 90 92 (-1024 -3072 1998.790039 ) (-1024 -3072 64 ) (-1024 -4096 64 ) (-1024 -4096 1998.790039 ) 
4 90 91 (0 -4096 64 ) (0 -4096 1998.790039 ) (-1024 -4096 1998.790039 ) (-1024 -4096 64 ) 
4 91 94 (-1024 -5053.629883 64 ) (-1024 -5053.629883 1998.790039 ) (-1024 -4096 1998.790039 ) (-1024 -4096 64 ) 
4 92 94 (-1024 -4096 64 ) (-1024 -4096 1998.790039 ) (-2048 -4096 1998.790039 ) (-2048 -4096 64 ) 
4 92 93 (-2048 -3072 1998.790039 ) (-2048 -3072 64 ) (-2048 -4096 64 ) (-2048 -4096 1998.790039 ) 
4 93 96 (-3072 -3072 1998.790039 ) (-3072 -3072 64 ) (-3072 -4096 64 ) (-3072 -4096 1998.790039 ) 
4 93 95 (-2048 -4096 64 ) (-2048 -4096 1998.790039 ) (-3072 -4096 1998.790039 ) (-3072 -4096 64 ) 
4 94 95 (-2048 -4096 1998.790039 ) (-2048 -4096 64 ) (-2048 -5053.629883 64 ) (-2048 -5053.629883 1998.790039 ) 
4 95 98 (-3072 -5053.629883 64 ) (-3072 -5053.629883 1998.790039 ) (-3072 -4096 1998.790039 ) (-3072 -4096 64 ) 
4 96 98 (-3072 -4096 64 ) (-3072 -4096 1998.790039 ) (-4096 -4096 1998.790039 ) (-4096 -4096 64 ) 
4 96 97 (-4096 -3072 1998.790039 ) (-4096 -3072 64 ) (-4096 -4096 64 ) (-4096 -4096 1998.790039 ) 
4 97 99 (-4096 -4096 64 ) (-4096 -4096 1998.790039 ) (-5053.780273 -4096 1998.790039 ) (-5053.780273 -4096 64 ) 
4 98 99 (-4096 -4096 1998.790039 ) (-4096 -4096 64 ) (-4096 -5053.629883 64 ) (-4096 -5053.629883 1998.790039 ) 
