PRT1
91
205
4 0 4 (5082.759766 2048 2010.470093 ) (4096 2048 2010.470093 ) (4096 2048 -3994.470215 ) (5082.759766 2048 -3994.470215 ) 
4 0 1 (4096 2048 -3994.470215 ) (4096 2048 2010.470093 ) (4096 3038 2010.470093 ) (4096 3038 -3994.470215 ) 
4 1 5 (4096 2048 -3994.470215 ) (4096 2048 2010.470093 ) (3072 2048 2010.470093 ) (3072 2048 -3994.470215 ) 
4 1 2 (3072 2048 -3994.470215 ) (3072 2048 2010.470093 ) (3072 3038 2010.470093 ) (3072 3038 -3994.470215 ) 
4 2 13 (2048 2048 -3994.470215 ) (2048 2048 2010.470093 ) (2048 3038 2010.470093 ) (2048 3038 -3994.470215 ) 
4 2 6 (3072 2048 -3994.470215 ) (3072 2048 2010.470093 ) (2048 2048 2010.470093 ) (2048 2048 -3994.470215 ) 
4 4 7 (5082.759766 1024 2010.470093 ) (4096 1024 2010.470093 ) (4096 1024 -3994.470215 ) (5082.759766 1024 -3994.470215 ) 
4 4 5 (4096 2048 2010.470093 ) (4096 2048 -3994.470215 ) (4096 1024 -3994.470215 ) (4096 1024 2010.470093 ) 
4 5 9 (4096 1024 -3994.470215 ) (4096 1024 2010.470093 ) (3072 1024 2010.470093 ) (3072 1024 -3994.470215 ) 
4 5 6 (3072 1024 -3994.470215 ) (3072 1024 2010.470093 ) (3072 2048 2010.470093 ) (3072 2048 -3994.470215 ) 
4 6 18 (2048 1024 -3994.470215 ) (2048 1024 2010.470093 ) (2048 2048 2010.470093 ) (2048 2048 -3994.470215 ) 
4 6 10 (3072 1024 -3994.470215 ) (3072 1024 2010.470093 ) (2048 1024 2010.470093 ) (2048 1024 -3994.470215 ) 
4 7 9 (4096 1024 2010.470093 ) (4096 1024 -3994.470215 ) (4096 0 -3994.470215 ) (4096 0 2010.470093 ) 
4 7 8 (5082.759766 0 2010.470093 ) (4096 0 2010.470093 ) (4096 0 -3994.470215 ) (5082.759766 0 -3994.470215 ) 
4 8 41 (5082.759766 -1024 2010.470093 ) (4096 -1024 2010.470093 ) (4096 -1024 -3994.470215 ) (5082.759766 -1024 -3994.470215 ) 
4 8 11 (4096 -1024 -3994.470215 ) (4096 -1024 2010.470093 ) (4096 0 2010.470093 ) (4096 0 -3994.470215 ) 
4 9 11 (4096 0 -3994.470215 ) (4096 0 2010.470093 ) (3072 0 2010.470093 ) (3072 0 -3994.470215 ) 
4 9 10 (3072 1024 2010.470093 ) (3072 1024 -3994.470215 ) (3072 0 -3994.470215 ) (3072 0 2010.470093 ) 
4 10 21 (2048 0 -3994.470215 ) (2048 0 2010.470093 ) (2048 1024 2010.470093 ) (2048 1024 -3994.470215 ) 
4 10 12 (3072 0 -3994.470215 ) (3072 0 2010.470093 ) (2048 0 2010.470093 ) (2048 0 -3994.470215 ) 
4 11 42 (4096 -1024 -3994.470215 ) (4096 -1024 2010.470093 ) (3072 -1024 2010.470093 ) (3072 -1024 -3994.470215 ) 
4 11 12 (3072 0 2010.470093 ) (3072 0 -3994.470215 ) (3072 -1024 -3994.470215 ) (3072 -1024 2010.470093 ) 
4 12 43 (3072 -1024 -3994.470215 ) (3072 -1024 2010.470093 ) (2048 -1024 2010.470093 ) (2048 -1024 -3994.470215 ) 
4 12 22 (2048 -1024 -3994.470215 ) (2048 -1024 2010.470093 ) (2048 0 2010.470093 ) (2048 0 -3994.470215 ) 
4 13 18 (2048 2048 -3994.470215 ) (2048 2048 2010.470093 ) (1024 2048 2010.470093 ) (1024 2048 -3994.470215 ) 
4 13 14 (1024 2048 -3994.470215 ) (1024 2048 2010.470093 ) (1024 3038 2010.470093 ) (1024 3038 -3994.470215 ) 
4 14 19 (1024 2048 -3994.470215 ) (1024 2048 2010.470093 ) (0 2048 2010.470093 ) (0 2048 -3994.470215 ) 
4 14 15 (0 2048 -3994.470215 ) (0 2048 2010.470093 ) (0 3038 2010.470093 ) (0 3038 -3994.470215 ) 
4 15 20 (0 2048 -3994.470215 ) (0 2048 2010.470093 ) (-1024 2048 2010.470093 ) (-1024 2048 -3994.470215 ) 
4 15 16 (-1024 2048 -3994.470215 ) (-1024 2048 2010.470093 ) (-1024 3038 2010.470093 ) (-1024 3038 -3994.470215 ) 
4 16 35 (-1024 2048 -3994.470215 ) (-1024 2048 2010.470093 ) (-2048 2048 2010.470093 ) (-2048 2048 -3994.470215 ) 
4 16 17 (-2048 2048 -3994.470215 ) (-2048 2048 2010.470093 ) (-2048 3038 2010.470093 ) (-2048 3038 -3994.470215 ) 
4 17 36 (-2048 2048 -3994.470215 ) (-2048 2048 2010.470093 ) (-3034.760254 2048 2010.470093 ) (-3034.760254 2048 -3994.470215 ) 
4 18 21 (2048 1024 -3994.470215 ) (2048 1024 2010.470093 ) (1024 1024 2010.470093 ) (1024 1024 -3994.470215 ) 
4 18 19 (1024 2048 2010.470093 ) (1024 2048 -3994.470215 ) (1024 1024 -3994.470215 ) (1024 1024 2010.470093 ) 
4 19 24 (320 1024 2010.470093 ) (0 1024 2010.470093 ) (0 1024 -3994.470215 ) (320 1024 -3994.470215 ) 
4 19 23 (1024 1024 -3994.470215 ) (1024 1024 2010.470093 ) (320 1024 2010.470093 ) (320 1024 -3994.470215 ) 
4 19 20 (0 1024 -3994.470215 ) (0 1024 2010.470093 ) (0 2048 2010.470093 ) (0 2048 -3994.470215 ) 
4 20 35 (-1024 2048 2010.470093 ) (-1024 2048 -3994.470215 ) (-1024 1024 -3994.470215 ) (-1024 1024 2010.470093 ) 
4 20 32 (-256 1024 2010.470093 ) (-1024 1024 2010.470093 ) (-1024 1024 -3994.470215 ) (-256 1024 -3994.470215 ) 
4 20 28 (0 1024 -3994.470215 ) (0 1024 2010.470093 ) (-256 1024 2010.470093 ) (-256 1024 -3994.470215 ) 
4 21 23 (1024 1024 2010.470093 ) (1024 1024 -3994.470215 ) (1024 0 -3994.470215 ) (1024 0 2010.470093 ) 
4 21 22 (2048 0 -3994.470215 ) (2048 0 2010.470093 ) (1024 0 2010.470093 ) (1024 0 -3994.470215 ) 
4 22 56 (2048 -1024 -3994.470215 ) (2048 -1024 2010.470093 ) (1024 -1024 2010.470093 ) (1024 -1024 -3994.470215 ) 
4 22 33 (1024 -1024 -3994.470215 ) (1024 -1024 2010.470093 ) (1024 0 2010.470093 ) (1024 0 -3994.470215 ) 
4 23 33 (1024 0 -3994.470215 ) (1024 0 2010.470093 ) (320 0 2010.470093 ) (320 0 -3994.470215 ) 
4 23 27 (320 0 -3994.470215 ) (320 0 -1344 ) (320 448 -1344 ) (320 448 -3994.470215 ) 
4 23 25 (320 0 -1056 ) (320 0 2010.470093 ) (320 448 2010.470093 ) (320 448 -1056 ) 
4 23 26 (320 0 -1344 ) (320 0 -1056 ) (320 448 -1056 ) (320 448 -1344 ) 
4 23 24 (320 448 2010.470093 ) (320 1024 2010.470093 ) (320 1024 -3994.470215 ) (320 448 -3994.470215 ) 
4 24 28 (0 1024 2010.470093 ) (0 1024 -3994.470215 ) (0 448 -3994.470215 ) (0 448 2010.470093 ) 
4 24 27 (0 448 -1344 ) (0 448 -3994.470215 ) (320 448 -3994.470215 ) (320 448 -1344 ) 
4 24 25 (0 448 2010.470093 ) (0 448 -1056 ) (320 448 -1056 ) (320 448 2010.470093 ) 
4 24 26 (0 448 -1056 ) (0 448 -1344 ) (320 448 -1344 ) (320 448 -1056 ) 
4 25 33 (320 0 -1056 ) (320 0 2010.470093 ) (0 0 2010.470093 ) (0 0 -1056 ) 
4 25 29 (0 0 -1056 ) (0 0 2010.470093 ) (0 448 2010.470093 ) (0 448 -1056 ) 
4 25 26 (0 0 -1056 ) (0 448 -1056 ) (320 448 -1056 ) (320 0 -1056 ) 
4 26 33 (320 0 -1344 ) (320 0 -1056 ) (0 0 -1056 ) (0 0 -1344 ) 
4 26 30 (0 0 -1344 ) (0 0 -1056 ) (0 448 -1056 ) (0 448 -1344 ) 
4 26 27 (0 448 -1344 ) (320 448 -1344 ) (320 0 -1344 ) (0 0 -1344 ) 
4 27 33 (320 0 -3994.470215 ) (320 0 -1344 ) (0 0 -1344 ) (0 0 -3994.470215 ) 
4 27 31 (0 0 -3994.470215 ) (0 0 -1344 ) (0 448 -1344 ) (0 448 -3994.470215 ) 
4 28 32 (-256 448 -3994.470215 ) (-256 448 2010.470093 ) (-256 1024 2010.470093 ) (-256 1024 -3994.470215 ) 
4 28 31 (-256 448 -1344 ) (-256 448 -3994.470215 ) (0 448 -3994.470215 ) (0 448 -1344 ) 
4 28 29 (-256 448 2010.470093 ) (-256 448 -1056 ) (0 448 -1056 ) (0 448 2010.470093 ) 
4 28 30 (-256 448 -1056 ) (-256 448 -1344 ) (0 448 -1344 ) (0 448 -1056 ) 
4 29 34 (0 0 -1056 ) (0 0 2010.470093 ) (-256 0 2010.470093 ) (-256 0 -1056 ) 
4 29 32 (-256 0 -1056 ) (-256 0 2010.470093 ) (-256 448 2010.470093 ) (-256 448 -1056 ) 
4 29 30 (0 0 -1056 ) (-256 0 -1056 ) (-256 448 -1056 ) (0 448 -1056 ) 
4 30 34 (0 0 -1344 ) (0 0 -1056 ) (-256 0 -1056 ) (-256 0 -1344 ) 
4 30 32 (-256 0 -1344 ) (-256 0 -1056 ) (-256 448 -1056 ) (-256 448 -1344 ) 
4 30 31 (-256 0 -1344 ) (-256 448 -1344 ) (0 448 -1344 ) (0 0 -1344 ) 
4 31 34 (0 0 -3994.470215 ) (0 0 -1344 ) (-256 0 -1344 ) (-256 0 -3994.470215 ) 
4 31 32 (-256 0 -3994.470215 ) (-256 0 -1344 ) (-256 448 -1344 ) (-256 448 -3994.470215 ) 
4 32 37 (-1024 0 -3994.470215 ) (-1024 0 2010.470093 ) (-1024 1024 2010.470093 ) (-1024 1024 -3994.470215 ) 
4 32 34 (-256 0 -3994.470215 ) (-256 0 2010.470093 ) (-1024 0 2010.470093 ) (-1024 0 -3994.470215 ) 
4 33 57 (1024 -1024 -3994.470215 ) (1024 -1024 2010.470093 ) (0 -1024 2010.470093 ) (0 -1024 -3994.470215 ) 
4 33 34 (0 0 2010.470093 ) (0 0 -3994.470215 ) (0 -1024 -3994.470215 ) (0 -1024 2010.470093 ) 
4 34 58 (0 -1024 -3994.470215 ) (0 -1024 2010.470093 ) (-1024 -1024 2010.470093 ) (-1024 -1024 -3994.470215 ) 
4 34 38 (-1024 -1024 -3994.470215 ) (-1024 -1024 2010.470093 ) (-1024 0 2010.470093 ) (-1024 0 -3994.470215 ) 
4 35 37 (-1024 1024 -3994.470215 ) (-1024 1024 2010.470093 ) (-2048 1024 2010.470093 ) (-2048 1024 -3994.470215 ) 
4 35 36 (-2048 2048 2010.470093 ) (-2048 2048 -3994.470215 ) (-2048 1024 -3994.470215 ) (-2048 1024 2010.470093 ) 
4 36 39 (-2048 1024 -3994.470215 ) (-2048 1024 2010.470093 ) (-3034.760254 1024 2010.470093 ) (-3034.760254 1024 -3994.470215 ) 
4 37 39 (-2048 1024 2010.470093 ) (-2048 1024 -3994.470215 ) (-2048 0 -3994.470215 ) (-2048 0 2010.470093 ) 
4 37 38 (-1024 0 -3994.470215 ) (-1024 0 2010.470093 ) (-2048 0 2010.470093 ) (-2048 0 -3994.470215 ) 
4 38 75 (-1024 -1024 -3994.470215 ) (-1024 -1024 2010.470093 ) (-2048 -1024 2010.470093 ) (-2048 -1024 -3994.470215 ) 
4 38 40 (-2048 -1024 -3994.470215 ) (-2048 -1024 2010.470093 ) (-2048 0 2010.470093 ) (-2048 0 -3994.470215 ) 
4 39 40 (-2048 0 -3994.470215 ) (-2048 0 2010.470093 ) (-3034.760254 0 2010.470093 ) (-3034.760254 0 -3994.470215 ) 
4 40 76 (-2048 -1024 -3994.470215 ) (-2048 -1024 2010.470093 ) (-3034.760254 -1024 2010.470093 ) (-3034.760254 -1024 -3994.470215 ) 
4 41 44 (5082.759766 -2048 2010.470093 ) (4096 -2048 2010.470093 ) (4096 -2048 -3994.470215 ) (5082.759766 -2048 -3994.470215 ) 
4 41 42 (4096 -1024 2010.470093 ) (4096 -1024 -3994.470215 ) (4096 -2048 -3994.470215 ) (4096 -2048 2010.470093 ) 
4 42 46 (4096 -2048 -3994.470215 ) (4096 -2048 2010.470093 ) (3072 -2048 2010.470093 ) (3072 -2048 -3994.470215 ) 
4 42 43 (3072 -2048 -3994.470215 ) (3072 -2048 2010.470093 ) (3072 -1024 2010.470093 ) (3072 -1024 -3994.470215 ) 
4 43 56 (2048 -1024 2010.470093 ) (2048 -1024 -3994.470215 ) (2048 -2048 -3994.470215 ) (2048 -2048 2010.470093 ) 
4 43 47 (3072 -2048 -3994.470215 ) (3072 -2048 2010.470093 ) (2048 -2048 2010.470093 ) (2048 -2048 -3994.470215 ) 
4 44 46 (4096 -2048 2010.470093 ) (4096 -2048 -3994.470215 ) (4096 -3072 -3994.470215 ) (4096 -3072 2010.470093 ) 
4 44 45 (5082.759766 -3072 2010.470093 ) (4096 -3072 2010.470093 ) (4096 -3072 -3994.470215 ) (5082.759766 -3072 -3994.470215 ) 
4 45 50 (5082.759766 -4096 2010.470093 ) (4096 -4096 2010.470093 ) (4096 -4096 -3994.470215 ) (5082.759766 -4096 -3994.470215 ) 
4 45 48 (4096 -4096 -3994.470215 ) (4096 -4096 2010.470093 ) (4096 -3072 2010.470093 ) (4096 -3072 -3994.470215 ) 
4 46 48 (4096 -3072 -3994.470215 ) (4096 -3072 2010.470093 ) (3072 -3072 2010.470093 ) (3072 -3072 -3994.470215 ) 
4 46 47 (3072 -2048 2010.470093 ) (3072 -2048 -3994.470215 ) (3072 -3072 -3994.470215 ) (3072 -3072 2010.470093 ) 
4 47 59 (2048 -3072 -3994.470215 ) (2048 -3072 2010.470093 ) (2048 -2048 2010.470093 ) (2048 -2048 -3994.470215 ) 
4 47 49 (3072 -3072 -3994.470215 ) (3072 -3072 2010.470093 ) (2048 -3072 2010.470093 ) (2048 -3072 -3994.470215 ) 
4 48 51 (4096 -4096 -3994.470215 ) (4096 -4096 2010.470093 ) (3072 -4096 2010.470093 ) (3072 -4096 -3994.470215 ) 
4 48 49 (3072 -3072 2010.470093 ) (3072 -3072 -3994.470215 ) (3072 -4096 -3994.470215 ) (3072 -4096 2010.470093 ) 
4 49 60 (2048 -4096 -3994.470215 ) (2048 -4096 2010.470093 ) (2048 -3072 2010.470093 ) (2048 -3072 -3994.470215 ) 
4 49 52 (3072 -4096 -3994.470215 ) (3072 -4096 2010.470093 ) (2048 -4096 2010.470093 ) (2048 -4096 -3994.470215 ) 
4 50 53 (5082.759766 -5120 2010.470093 ) (4096 -5120 2010.470093 ) (4096 -5120 -3994.470215 ) (5082.759766 -5120 -3994.470215 ) 
4 50 51 (4096 -4096 2010.470093 ) (4096 -4096 -3994.470215 ) (4096 -5120 -3994.470215 ) (4096 -5120 2010.470093 ) 
4 51 54 (4096 -5120 -3994.470215 ) (4096 -5120 2010.470093 ) (3072 -5120 2010.470093 ) (3072 -5120 -3994.470215 ) 
4 51 52 (3072 -5120 -3994.470215 ) (3072 -5120 2010.470093 ) (3072 -4096 2010.470093 ) (3072 -4096 -3994.470215 ) 
4 52 81 (2048 -5120 -3994.470215 ) (2048 -5120 2010.470093 ) (2048 -4096 2010.470093 ) (2048 -4096 -3994.470215 ) 
4 52 55 (3072 -5120 -3994.470215 ) (3072 -5120 2010.470093 ) (2048 -5120 2010.470093 ) (2048 -5120 -3994.470215 ) 
4 53 54 (4096 -5120 2010.470093 ) (4096 -5120 -3994.470215 ) (4096 -5598 -3994.470215 ) (4096 -5598 2010.470093 ) 
4 54 55 (3072 -5120 2010.470093 ) (3072 -5120 -3994.470215 ) (3072 -5598 -3994.470215 ) (3072 -5598 2010.470093 ) 
4 55 84 (2048 -5598 2010.470093 ) (2048 -5120 2010.470093 ) (2048 -5120 -3994.470215 ) (2048 -5598 -3994.470215 ) 
4 56 59 (2048 -2048 -3994.470215 ) (2048 -2048 2010.470093 ) (1024 -2048 2010.470093 ) (1024 -2048 -3994.470215 ) 
4 56 57 (1024 -1024 2010.470093 ) (1024 -1024 -3994.470215 ) (1024 -2048 -3994.470215 ) (1024 -2048 2010.470093 ) 
4 57 61 (1024 -2048 -3994.470215 ) (1024 -2048 2010.470093 ) (0 -2048 2010.470093 ) (0 -2048 -3994.470215 ) 
4 57 58 (0 -2048 -3994.470215 ) (0 -2048 2010.470093 ) (0 -1024 2010.470093 ) (0 -1024 -3994.470215 ) 
4 58 75 (-1024 -1024 2010.470093 ) (-1024 -1024 -3994.470215 ) (-1024 -2048 -3994.470215 ) (-1024 -2048 2010.470093 ) 
4 58 62 (0 -2048 -3994.470215 ) (0 -2048 2010.470093 ) (-1024 -2048 2010.470093 ) (-1024 -2048 -3994.470215 ) 
4 59 61 (1024 -2048 2010.470093 ) (1024 -2048 -3994.470215 ) (1024 -3072 -3994.470215 ) (1024 -3072 2010.470093 ) 
4 59 60 (2048 -3072 -3994.470215 ) (2048 -3072 2010.470093 ) (1024 -3072 2010.470093 ) (1024 -3072 -3994.470215 ) 
4 60 81 (2048 -4096 -3994.470215 ) (2048 -4096 2010.470093 ) (1024 -4096 2010.470093 ) (1024 -4096 -3994.470215 ) 
4 60 65 (1024 -3088 -776 ) (1024 -3072 -776 ) (1024 -3072 -798.010986 ) (1024 -3088 -798.010986 ) 
4 60 64 (1024 -4096 -798.010986 ) (1024 -4096 -776 ) (1024 -3088 -776 ) (1024 -3088 -798.010986 ) 
4 60 72 (1024 -4096 -3994.470215 ) (1024 -4096 -798.010986 ) (1024 -3072 -798.010986 ) (1024 -3072 -3994.470215 ) 
4 60 63 (1024 -4096 -776 ) (1024 -4096 2010.470093 ) (1024 -3072 2010.470093 ) (1024 -3072 -776 ) 
4 61 65 (1024 -3072 -798.010986 ) (1024 -3072 -776 ) (608 -3072 -776 ) (608 -3072 -798.010986 ) 
4 61 72 (1024 -3072 -3994.470215 ) (1024 -3072 -798.010986 ) (608 -3072 -798.010986 ) (608 -3072 -3994.470215 ) 
4 61 73 (608 -3072 -776 ) (0 -3072 -776 ) (0 -3072 -3994.470215 ) (608 -3072 -3994.470215 ) 
4 61 63 (1024 -3072 -776 ) (1024 -3072 2010.470093 ) (0 -3072 2010.470093 ) (0 -3072 -776 ) 
4 61 62 (0 -2048 2010.470093 ) (0 -2048 -3994.470215 ) (0 -3072 -3994.470215 ) (0 -3072 2010.470093 ) 
4 62 77 (-1024 -3072 -3994.470215 ) (-1024 -3072 2010.470093 ) (-1024 -2048 2010.470093 ) (-1024 -2048 -3994.470215 ) 
4 62 74 (0 -3072 -3994.470215 ) (0 -3072 2010.470093 ) (-1024 -3072 2010.470093 ) (-1024 -3072 -3994.470215 ) 
4 63 82 (1024 -4096 -776 ) (1024 -4096 2010.470093 ) (0 -4096 2010.470093 ) (0 -4096 -776 ) 
4 63 74 (0 -3072 2010.470093 ) (0 -3072 -776 ) (0 -4096 -776 ) (0 -4096 2010.470093 ) 
8 63 71 (864 -3408 -776 ) (832 -3472 -776 ) (736 -3568 -776 ) (640 -3536 -776 ) (608 -3472 -776 ) (608 -3408 -776 ) (680 -3348 -776 ) (760 -3320 -776 ) 
3 63 70 (640 -3536 -776 ) (608 -3525.333252 -776 ) (608 -3472 -776 ) 
3 63 69 (832 -3472 -776 ) (777.142822 -3581.714355 -776 ) (736 -3568 -776 ) 
3 63 68 (608 -3408 -776 ) (608 -3373.199707 -776 ) (680 -3348 -776 ) 
3 63 67 (777.142822 -3581.714355 -776 ) (608 -3920 -776 ) (608 -3525.333252 -776 ) 
3 63 66 (608 -3373.199707 -776 ) (608 -3191.384766 -776 ) (760 -3320 -776 ) 
5 63 65 (608 -3072 -776 ) (1024 -3072 -776 ) (1024 -3088 -776 ) (864 -3408 -776 ) (608 -3191.384766 -776 ) 
4 63 64 (1024 -3088 -776 ) (1024 -4096 -776 ) (608 -4096 -776 ) (608 -3920 -776 ) 
4 63 73 (0 -3072 -776 ) (608 -3072 -776 ) (608 -4096 -776 ) (0 -4096 -776 ) 
4 64 82 (1024 -4096 -798.010986 ) (1024 -4096 -776 ) (608 -4096 -776 ) (608 -4096 -798.010986 ) 
4 64 71 (864 -3408 -798.010986 ) (832 -3472 -798.010986 ) (832 -3472 -776 ) (864 -3408 -776 ) 
4 64 69 (832 -3472 -798.010986 ) (777.142944 -3581.714111 -798.010986 ) (777.142944 -3581.714111 -776 ) (832 -3472 -776 ) 
4 64 67 (777.142944 -3581.714111 -798.010986 ) (608 -3920 -798.010986 ) (608 -3920 -776 ) (777.142944 -3581.714111 -776 ) 
4 64 65 (1024 -3088 -798.010986 ) (864 -3408 -798.010986 ) (864 -3408 -776 ) (1024 -3088 -776 ) 
4 64 72 (1024 -4096 -798.010986 ) (608 -4096 -798.010986 ) (608 -3920 -798.010986 ) (1024 -3088 -798.010986 ) 
4 64 73 (608 -4096 -798.010986 ) (608 -4096 -776 ) (608 -3920 -776 ) (608 -3920 -798.010986 ) 
4 65 71 (760 -3320 -798.010986 ) (864 -3408 -798.010986 ) (864 -3408 -776 ) (760 -3320 -776 ) 
4 65 66 (608 -3191.386719 -776 ) (608 -3191.386719 -798.010986 ) (760 -3320 -798.010986 ) (760 -3320 -776 ) 
4 65 73 (608 -3191.384766 -776 ) (608 -3072 -776 ) (608 -3072 -798.010986 ) (608 -3191.384766 -798.010986 ) 
5 65 72 (608 -3191.384766 -798.010986 ) (608 -3072 -798.010986 ) (1024 -3072 -798.010986 ) (1024 -3088 -798.010986 ) (864 -3408 -798.010986 ) 
4 66 71 (680.001343 -3347.998779 -798.010986 ) (759.998047 -3320 -798.010986 ) (759.998047 -3320 -776 ) (680.001343 -3347.998779 -776 ) 
4 66 68 (608 -3373.199219 -776 ) (608 -3373.199219 -798.010986 ) (680.001343 -3347.998779 -798.010986 ) (680.001343 -3347.998779 -776 ) 
3 66 72 (608 -3373.199707 -798.010986 ) (608 -3191.384766 -798.010986 ) (760 -3320 -798.010986 ) 
4 66 73 (608 -3373.199707 -776 ) (608 -3191.384766 -776 ) (608 -3191.384766 -798.010986 ) (608 -3373.199951 -798.010986 ) 
4 67 71 (736 -3568 -798.010986 ) (640 -3536 -798.010986 ) (640 -3536 -776 ) (736 -3568 -776 ) 
4 67 70 (640 -3536 -798.010986 ) (608 -3525.333740 -798.010986 ) (608 -3525.333740 -776 ) (640 -3536 -776 ) 
4 67 69 (777.142639 -3581.714600 -776 ) (777.142639 -3581.714600 -798.010986 ) (736 -3568 -798.010986 ) (736 -3568 -776 ) 
4 67 73 (608 -3920 -776 ) (608 -3525.333252 -776 ) (608 -3525.333496 -798.010986 ) (608 -3920 -798.010986 ) 
3 67 72 (608 -3920 -798.010986 ) (608 -3525.333252 -798.010986 ) (777.142822 -3581.714355 -798.010986 ) 
4 68 71 (608 -3408 -776 ) (608 -3408 -798.010986 ) (680 -3348 -798.010986 ) (680 -3348 -776 ) 
3 68 72 (608 -3408 -798.010986 ) (608 -3373.199707 -798.010986 ) (680 -3348 -798.010986 ) 
4 68 73 (608 -3408 -776 ) (608 -3373.199707 -776 ) (608 -3373.199951 -798.010986 ) (608 -3408 -798.010986 ) 
4 69 71 (832 -3472 -776 ) (832 -3472 -798.010986 ) (736 -3568 -798.010986 ) (736 -3568 -776 ) 
3 69 72 (832 -3472 -798.010986 ) (777.142822 -3581.714355 -798.010986 ) (736 -3568 -798.010986 ) 
3 70 72 (608 -3525.333252 -798.010986 ) (608 -3472 -798.010986 ) (640 -3536 -798.010986 ) 
4 70 73 (608 -3525.333252 -776 ) (608 -3472 -776 ) (608 -3472 -798.010986 ) (608 -3525.333496 -798.010986 ) 
4 70 71 (640 -3536 -776 ) (640 -3536 -798.010986 ) (608 -3472 -798.010986 ) (608 -3472 -776 ) 
8 71 72 (608 -3472 -798.010986 ) (608 -3408 -798.010986 ) (680 -3348 -798.010986 ) (760 -3320 -798.010986 ) (864 -3408 -798.010986 ) (832 -3472 -798.010986 ) (736 -3568 -798.010986 ) (640 -3536 -798.010986 ) 
4 71 73 (608 -3472 -776 ) (608 -3408 -776 ) (608 -3408 -798.010986 ) (608 -3472 -798.010986 ) 
4 72 82 (1024 -4096 -3994.470215 ) (1024 -4096 -798.010986 ) (608 -4096 -798.010986 ) (608 -4096 -3994.470215 ) 
4 72 73 (608 -3072 -3994.470215 ) (608 -4096 -3994.470215 ) (608 -4096 -798.010986 ) (608 -3072 -798.010986 ) 
4 73 82 (608 -4096 -776 ) (0 -4096 -776 ) (0 -4096 -3994.470215 ) (608 -4096 -3994.470215 ) 
4 73 74 (0 -3072 -776 ) (0 -3072 -3994.470215 ) (0 -4096 -3994.470215 ) (0 -4096 -776 ) 
4 74 83 (0 -4096 -3994.470215 ) (0 -4096 2010.470093 ) (-1024 -4096 2010.470093 ) (-1024 -4096 -3994.470215 ) 
4 74 78 (-1024 -4096 -3994.470215 ) (-1024 -4096 2010.470093 ) (-1024 -3072 2010.470093 ) (-1024 -3072 -3994.470215 ) 
4 75 77 (-1024 -2048 -3994.470215 ) (-1024 -2048 2010.470093 ) (-2048 -2048 2010.470093 ) (-2048 -2048 -3994.470215 ) 
4 75 76 (-2048 -1024 2010.470093 ) (-2048 -1024 -3994.470215 ) (-2048 -2048 -3994.470215 ) (-2048 -2048 2010.470093 ) 
4 76 79 (-2048 -2048 -3994.470215 ) (-2048 -2048 2010.470093 ) (-3034.760254 -2048 2010.470093 ) (-3034.760254 -2048 -3994.470215 ) 
4 77 79 (-2048 -2048 2010.470093 ) (-2048 -2048 -3994.470215 ) (-2048 -3072 -3994.470215 ) (-2048 -3072 2010.470093 ) 
4 77 78 (-1024 -3072 -3994.470215 ) (-1024 -3072 2010.470093 ) (-2048 -3072 2010.470093 ) (-2048 -3072 -3994.470215 ) 
4 78 87 (-1024 -4096 -3994.470215 ) (-1024 -4096 2010.470093 ) (-2048 -4096 2010.470093 ) (-2048 -4096 -3994.470215 ) 
4 78 80 (-2048 -4096 -3994.470215 ) (-2048 -4096 2010.470093 ) (-2048 -3072 2010.470093 ) (-2048 -3072 -3994.470215 ) 
4 79 80 (-2048 -3072 -3994.470215 ) (-2048 -3072 2010.470093 ) (-3034.760254 -3072 2010.470093 ) (-3034.760254 -3072 -3994.470215 ) 
4 80 88 (-2048 -4096 -3994.470215 ) (-2048 -4096 2010.470093 ) (-3034.760254 -4096 2010.470093 ) (-3034.760254 -4096 -3994.470215 ) 
4 81 84 (2048 -5120 -3994.470215 ) (2048 -5120 2010.470093 ) (1024 -5120 2010.470093 ) (1024 -5120 -3994.470215 ) 
4 81 82 (1024 -4096 2010.470093 ) (1024 -4096 -3994.470215 ) (1024 -5120 -3994.470215 ) (1024 -5120 2010.470093 ) 
4 82 85 (1024 -5120 -3994.470215 ) (1024 -5120 2010.470093 ) (0 -5120 2010.470093 ) (0 -5120 -3994.470215 ) 
4 82 83 (0 -5120 -3994.470215 ) (0 -5120 2010.470093 ) (0 -4096 2010.470093 ) (0 -4096 -3994.470215 ) 
4 83 87 (-1024 -4096 2010.470093 ) (-1024 -4096 -3994.470215 ) (-1024 -5120 -3994.470215 ) (-1024 -5120 2010.470093 ) 
4 83 86 (0 -5120 -3994.470215 ) (0 -5120 2010.470093 ) (-1024 -5120 2010.470093 ) (-1024 -5120 -3994.470215 ) 
4 84 85 (1024 -5120 2010.470093 ) (1024 -5120 -3994.470215 ) (1024 -5598 -3994.470215 ) (1024 -5598 2010.470093 ) 
4 85 86 (0 -5120 2010.470093 ) (0 -5120 -3994.470215 ) (0 -5598 -3994.470215 ) (0 -5598 2010.470093 ) 
4 86 89 (-1024 -5598 2010.470093 ) (-1024 -5120 2010.470093 ) (-1024 -5120 -3994.470215 ) (-1024 -5598 -3994.470215 ) 
4 87 89 (-1024 -5120 -3994.470215 ) (-1024 -5120 2010.470093 ) (-2048 -5120 2010.470093 ) (-2048 -5120 -3994.470215 ) 
4 87 88 (-2048 -4096 2010.470093 ) (-2048 -4096 -3994.470215 ) (-2048 -5120 -3994.470215 ) (-2048 -5120 2010.470093 ) 
4 88 90 (-2048 -5120 -3994.470215 ) (-2048 -5120 2010.470093 ) (-3034.760254 -5120 2010.470093 ) (-3034.760254 -5120 -3994.470215 ) 
4 89 90 (-2048 -5120 2010.470093 ) (-2048 -5120 -3994.470215 ) (-2048 -5598 -3994.470215 ) (-2048 -5598 2010.470093 ) 
